 WARN cache for Repodata at /home/hodapp/.cache/rattler/cache/repodata is on a network/parallel filesystem (NFS/SMB/FUSE/BeeGFS/Lustre/GPFS/CephFS), redirected to /tmp/pixi-cache-hodapp/repodata for this run. Set [cache.repodata] in config.toml or PIXI_CACHE_DIR to override, or [cache.netfs-redirect] = "never" to keep the original path.
363246735 records processed
wrote R2_means.tsv and R2_qual.png
	Command being timed: "pixi run python qual_dist.py -f /projects/bgmp/shared/2017_sequencing/1294_S1_L008_R2_001.fastq.gz -o R2 -l 8"
	User time (seconds): 658.81
	System time (seconds): 0.19
	Percent of CPU this job got: 99%
	Elapsed (wall clock) time (h:mm:ss or m:ss): 11:01.95
	Average shared text size (kbytes): 0
	Average unshared data size (kbytes): 0
	Average stack size (kbytes): 0
	Average total size (kbytes): 0
	Maximum resident set size (kbytes): 72632
	Average resident set size (kbytes): 0
	Major (requiring I/O) page faults: 0
	Minor (reclaiming a frame) page faults: 23339
	Voluntary context switches: 1263
	Involuntary context switches: 1562
	Swaps: 0
	File system inputs: 0
	File system outputs: 16
	Socket messages sent: 0
	Socket messages received: 0
	Signals delivered: 0
	Page size (bytes): 4096
	Exit status: 0
